../Drivers/STM32C0xx_HAL_Driver/Src/stm32c0xx_ll_rcc.c:96:13:LL_RCC_DeInit	0	static
../Drivers/STM32C0xx_HAL_Driver/Src/stm32c0xx_ll_rcc.c:155:6:LL_RCC_GetSystemClocksFreq	12	static
../Drivers/STM32C0xx_HAL_Driver/Src/stm32c0xx_ll_rcc.c:174:10:LL_RCC_GetUSARTClockFreq	8	static
../Drivers/STM32C0xx_HAL_Driver/Src/stm32c0xx_ll_rcc.c:225:10:LL_RCC_GetI2CClockFreq	8	static
../Drivers/STM32C0xx_HAL_Driver/Src/stm32c0xx_ll_rcc.c:289:10:LL_RCC_GetI2SClockFreq	8	static
../Drivers/STM32C0xx_HAL_Driver/Src/stm32c0xx_ll_rcc.c:330:10:LL_RCC_GetADCClockFreq	8	static
../Drivers/STM32C0xx_HAL_Driver/Src/stm32c0xx_ll_rcc.c:363:10:LL_RCC_GetRTCClockFreq	0	static
../Drivers/STM32C0xx_HAL_Driver/Src/stm32c0xx_ll_rcc.c:501:10:RCC_GetSystemClockFreq	0	static
../Drivers/STM32C0xx_HAL_Driver/Src/stm32c0xx_ll_rcc.c:552:10:RCC_GetHCLKClockFreq	0	static
../Drivers/STM32C0xx_HAL_Driver/Src/stm32c0xx_ll_rcc.c:563:10:RCC_GetPCLK1ClockFreq	0	static
