Archive member included to satisfy reference by file (symbol)

/opt/st/stm32cubeide_1.17.0/plugins/com.st.stm32cube.ide.mcu.externaltools.gnu-tools-for-stm32.13.3.rel1.linux64_1.0.0.202410170706/tools/bin/../lib/gcc/arm-none-eabi/13.3.1/../../../../arm-none-eabi/lib/thumb/v6-m/nofp/libc_nano.a(libc_a-exit.o)
                              /opt/st/stm32cubeide_1.17.0/plugins/com.st.stm32cube.ide.mcu.externaltools.gnu-tools-for-stm32.13.3.rel1.linux64_1.0.0.202410170706/tools/bin/../lib/gcc/arm-none-eabi/13.3.1/../../../../arm-none-eabi/lib/thumb/v6-m/nofp/crt0.o (exit)
/opt/st/stm32cubeide_1.17.0/plugins/com.st.stm32cube.ide.mcu.externaltools.gnu-tools-for-stm32.13.3.rel1.linux64_1.0.0.202410170706/tools/bin/../lib/gcc/arm-none-eabi/13.3.1/../../../../arm-none-eabi/lib/thumb/v6-m/nofp/libc_nano.a(libc_a-findfp.o)
                              /opt/st/stm32cubeide_1.17.0/plugins/com.st.stm32cube.ide.mcu.externaltools.gnu-tools-for-stm32.13.3.rel1.linux64_1.0.0.202410170706/tools/bin/../lib/gcc/arm-none-eabi/13.3.1/../../../../arm-none-eabi/lib/thumb/v6-m/nofp/libc_nano.a(libc_a-exit.o) (__stdio_exit_handler)
/opt/st/stm32cubeide_1.17.0/plugins/com.st.stm32cube.ide.mcu.externaltools.gnu-tools-for-stm32.13.3.rel1.linux64_1.0.0.202410170706/tools/bin/../lib/gcc/arm-none-eabi/13.3.1/../../../../arm-none-eabi/lib/thumb/v6-m/nofp/libc_nano.a(libc_a-fwalk.o)
                              /opt/st/stm32cubeide_1.17.0/plugins/com.st.stm32cube.ide.mcu.externaltools.gnu-tools-for-stm32.13.3.rel1.linux64_1.0.0.202410170706/tools/bin/../lib/gcc/arm-none-eabi/13.3.1/../../../../arm-none-eabi/lib/thumb/v6-m/nofp/libc_nano.a(libc_a-findfp.o) (_fwalk_sglue)
/opt/st/stm32cubeide_1.17.0/plugins/com.st.stm32cube.ide.mcu.externaltools.gnu-tools-for-stm32.13.3.rel1.linux64_1.0.0.202410170706/tools/bin/../lib/gcc/arm-none-eabi/13.3.1/../../../../arm-none-eabi/lib/thumb/v6-m/nofp/libc_nano.a(libc_a-stdio.o)
                              /opt/st/stm32cubeide_1.17.0/plugins/com.st.stm32cube.ide.mcu.externaltools.gnu-tools-for-stm32.13.3.rel1.linux64_1.0.0.202410170706/tools/bin/../lib/gcc/arm-none-eabi/13.3.1/../../../../arm-none-eabi/lib/thumb/v6-m/nofp/libc_nano.a(libc_a-findfp.o) (__sread)
/opt/st/stm32cubeide_1.17.0/plugins/com.st.stm32cube.ide.mcu.externaltools.gnu-tools-for-stm32.13.3.rel1.linux64_1.0.0.202410170706/tools/bin/../lib/gcc/arm-none-eabi/13.3.1/../../../../arm-none-eabi/lib/thumb/v6-m/nofp/libc_nano.a(libc_a-memset.o)
                              /opt/st/stm32cubeide_1.17.0/plugins/com.st.stm32cube.ide.mcu.externaltools.gnu-tools-for-stm32.13.3.rel1.linux64_1.0.0.202410170706/tools/bin/../lib/gcc/arm-none-eabi/13.3.1/../../../../arm-none-eabi/lib/thumb/v6-m/nofp/crt0.o (memset)
/opt/st/stm32cubeide_1.17.0/plugins/com.st.stm32cube.ide.mcu.externaltools.gnu-tools-for-stm32.13.3.rel1.linux64_1.0.0.202410170706/tools/bin/../lib/gcc/arm-none-eabi/13.3.1/../../../../arm-none-eabi/lib/thumb/v6-m/nofp/libc_nano.a(libc_a-closer.o)
                              /opt/st/stm32cubeide_1.17.0/plugins/com.st.stm32cube.ide.mcu.externaltools.gnu-tools-for-stm32.13.3.rel1.linux64_1.0.0.202410170706/tools/bin/../lib/gcc/arm-none-eabi/13.3.1/../../../../arm-none-eabi/lib/thumb/v6-m/nofp/libc_nano.a(libc_a-stdio.o) (_close_r)
/opt/st/stm32cubeide_1.17.0/plugins/com.st.stm32cube.ide.mcu.externaltools.gnu-tools-for-stm32.13.3.rel1.linux64_1.0.0.202410170706/tools/bin/../lib/gcc/arm-none-eabi/13.3.1/../../../../arm-none-eabi/lib/thumb/v6-m/nofp/libc_nano.a(libc_a-reent.o)
                              /opt/st/stm32cubeide_1.17.0/plugins/com.st.stm32cube.ide.mcu.externaltools.gnu-tools-for-stm32.13.3.rel1.linux64_1.0.0.202410170706/tools/bin/../lib/gcc/arm-none-eabi/13.3.1/../../../../arm-none-eabi/lib/thumb/v6-m/nofp/libc_nano.a(libc_a-closer.o) (errno)
/opt/st/stm32cubeide_1.17.0/plugins/com.st.stm32cube.ide.mcu.externaltools.gnu-tools-for-stm32.13.3.rel1.linux64_1.0.0.202410170706/tools/bin/../lib/gcc/arm-none-eabi/13.3.1/../../../../arm-none-eabi/lib/thumb/v6-m/nofp/libc_nano.a(libc_a-impure.o)
                              /opt/st/stm32cubeide_1.17.0/plugins/com.st.stm32cube.ide.mcu.externaltools.gnu-tools-for-stm32.13.3.rel1.linux64_1.0.0.202410170706/tools/bin/../lib/gcc/arm-none-eabi/13.3.1/../../../../arm-none-eabi/lib/thumb/v6-m/nofp/libc_nano.a(libc_a-reent.o) (_impure_ptr)
/opt/st/stm32cubeide_1.17.0/plugins/com.st.stm32cube.ide.mcu.externaltools.gnu-tools-for-stm32.13.3.rel1.linux64_1.0.0.202410170706/tools/bin/../lib/gcc/arm-none-eabi/13.3.1/../../../../arm-none-eabi/lib/thumb/v6-m/nofp/libc_nano.a(libc_a-lseekr.o)
                              /opt/st/stm32cubeide_1.17.0/plugins/com.st.stm32cube.ide.mcu.externaltools.gnu-tools-for-stm32.13.3.rel1.linux64_1.0.0.202410170706/tools/bin/../lib/gcc/arm-none-eabi/13.3.1/../../../../arm-none-eabi/lib/thumb/v6-m/nofp/libc_nano.a(libc_a-stdio.o) (_lseek_r)
[...]
Memory Configuration

Name             Origin             Length             Attributes
RAM              0x20000000         0x00001800         xrw
FLASH            0x08000000         0x00004000         xr
*default*        0x00000000         0xffffffff

Linker script and memory map

LOAD /opt/st/stm32cubeide_1.17.0/plugins/com.st.stm32cube.ide.mcu.externaltools.gnu-tools-for-stm32.13.3.rel1.linux64_1.0.0.202410170706/tools/bin/../lib/gcc/arm-none-eabi/13.3.1/thumb/v6-m/nofp/crti.o
LOAD /opt/st/stm32cubeide_1.17.0/plugins/com.st.stm32cube.ide.mcu.externaltools.gnu-tools-for-stm32.13.3.rel1.linux64_1.0.0.202410170706/tools/bin/../lib/gcc/arm-none-eabi/13.3.1/thumb/v6-m/nofp/crtbegin.o
LOAD /opt/st/stm32cubeide_1.17.0/plugins/com.st.stm32cube.ide.mcu.externaltools.gnu-tools-for-stm32.13.3.rel1.linux64_1.0.0.202410170706/tools/bin/../lib/gcc/arm-none-eabi/13.3.1/../../../../arm-none-eabi/lib/thumb/v6-m/nofp/crt0.o
LOAD ./Core/Src/main.o
LOAD ./Core/Src/stm32c0xx_hal_msp.o
LOAD ./Core/Src/stm32c0xx_it.o
LOAD ./Core/Src/syscalls.o
LOAD ./Core/Src/sysmem.o
LOAD ./Core/Src/system_stm32c0xx.o
LOAD ./Core/Src/ws2812b_start_lights.o
LOAD ./Core/Startup/startup_stm32c011f4px.o
LOAD ./Drivers/STM32C0xx_HAL_Driver/Src/stm32c0xx_hal.o
LOAD ./Drivers/STM32C0xx_HAL_Driver/Src/stm32c0xx_hal_cortex.o
LOAD ./Drivers/STM32C0xx_HAL_Driver/Src/stm32c0xx_hal_dma.o
LOAD ./Drivers/STM32C0xx_HAL_Driver/Src/stm32c0xx_hal_dma_ex.o
LOAD ./Drivers/STM32C0xx_HAL_Driver/Src/stm32c0xx_hal_exti.o
LOAD ./Drivers/STM32C0xx_HAL_Driver/Src/stm32c0xx_hal_flash.o
LOAD ./Drivers/STM32C0xx_HAL_Driver/Src/stm32c0xx_hal_flash_ex.o
LOAD ./Drivers/STM32C0xx_HAL_Driver/Src/stm32c0xx_hal_gpio.o
LOAD ./Drivers/STM32C0xx_HAL_Driver/Src/stm32c0xx_hal_pwr.o
LOAD ./Drivers/STM32C0xx_HAL_Driver/Src/stm32c0xx_hal_pwr_ex.o
LOAD ./Drivers/STM32C0xx_HAL_Driver/Src/stm32c0xx_hal_rcc.o
LOAD ./Drivers/STM32C0xx_HAL_Driver/Src/stm32c0xx_hal_rcc_ex.o
LOAD ./Drivers/STM32C0xx_HAL_Driver/Src/stm32c0xx_hal_tim.o
LOAD ./Drivers/STM32C0xx_HAL_Driver/Src/stm32c0xx_hal_tim_ex.o
LOAD ./Drivers/STM32C0xx_HAL_Driver/Src/stm32c0xx_ll_dma.o
LOAD ./Drivers/STM32C0xx_HAL_Driver/Src/stm32c0xx_ll_exti.o
LOAD ./Drivers/STM32C0xx_HAL_Driver/Src/stm32c0xx_ll_gpio.o
LOAD ./Drivers/STM32C0xx_HAL_Driver/Src/stm32c0xx_ll_rcc.o
LOAD ./Drivers/STM32C0xx_HAL_Driver/Src/stm32c0xx_ll_tim.o
LOAD ./Drivers/STM32C0xx_HAL_Driver/Src/stm32c0xx_ll_usart.o
LOAD ./Drivers/STM32C0xx_HAL_Driver/Src/stm32c0xx_ll_utils.o
START GROUP
LOAD /opt/st/stm32cubeide_1.17.0/plugins/com.st.stm32cube.ide.mcu.externaltools.gnu-tools-for-stm32.13.3.rel1.linux64_1.0.0.202410170706/tools/bin/../lib/gcc/arm-none-eabi/13.3.1/../../../../arm-none-eabi/lib/thumb/v6-m/nofp/libc_nano.a
LOAD /opt/st/stm32cubeide_1.17.0/plugins/com.st.stm32cube.ide.mcu.externaltools.gnu-tools-for-stm32.13.3.rel1.linux64_1.0.0.202410170706/tools/bin/../lib/gcc/arm-none-eabi/13.3.1/../../../../arm-none-eabi/lib/thumb/v6-m/nofp/libm.a
END GROUP
START GROUP
LOAD /opt/st/stm32cubeide_1.17.0/plugins/com.st.stm32cube.ide.mcu.externaltools.gnu-tools-for-stm32.13.3.rel1.linux64_1.0.0.202410170706/tools/bin/../lib/gcc/arm-none-eabi/13.3.1/thumb/v6-m/nofp/libgcc.a
LOAD /opt/st/stm32cubeide_1.17.0/plugins/com.st.stm32cube.ide.mcu.externaltools.gnu-tools-for-stm32.13.3.rel1.linux64_1.0.0.202410170706/tools/bin/../lib/gcc/arm-none-eabi/13.3.1/../../../../arm-none-eabi/lib/thumb/v6-m/nofp/libc_nano.a
END GROUP
START GROUP
LOAD /opt/st/stm32cubeide_1.17.0/plugins/com.st.stm32cube.ide.mcu.externaltools.gnu-tools-for-stm32.13.3.rel1.linux64_1.0.0.202410170706/tools/bin/../lib/gcc/arm-none-eabi/13.3.1/thumb/v6-m/nofp/libgcc.a
LOAD /opt/st/stm32cubeide_1.17.0/plugins/com.st.stm32cube.ide.mcu.externaltools.gnu-tools-for-stm32.13.3.rel1.linux64_1.0.0.202410170706/tools/bin/../lib/gcc/arm-none-eabi/13.3.1/../../../../arm-none-eabi/lib/thumb/v6-m/nofp/libc_nano.a
LOAD /opt/st/stm32cubeide_1.17.0/plugins/com.st.stm32cube.ide.mcu.externaltools.gnu-tools-for-stm32.13.3.rel1.linux64_1.0.0.202410170706/tools/bin/../lib/gcc/arm-none-eabi/13.3.1/../../../../arm-none-eabi/lib/thumb/v6-m/nofp/libnosys.a
END GROUP
START GROUP
LOAD /opt/st/stm32cubeide_1.17.0/plugins/com.st.stm32cube.ide.mcu.externaltools.gnu-tools-for-stm32.13.3.rel1.linux64_1.0.0.202410170706/tools/bin/../lib/gcc/arm-none-eabi/13.3.1/thumb/v6-m/nofp/libgcc.a
LOAD /opt/st/stm32cubeide_1.17.0/plugins/com.st.stm32cube.ide.mcu.externaltools.gnu-tools-for-stm32.13.3.rel1.linux64_1.0.0.202410170706/tools/bin/../lib/gcc/arm-none-eabi/13.3.1/../../../../arm-none-eabi/lib/thumb/v6-m/nofp/libc_nano.a
LOAD /opt/st/stm32cubeide_1.17.0/plugins/com.st.stm32cube.ide.mcu.externaltools.gnu-tools-for-stm32.13.3.rel1.linux64_1.0.0.202410170706/tools/bin/../lib/gcc/arm-none-eabi/13.3.1/../../../../arm-none-eabi/lib/thumb/v6-m/nofp/libnosys.a
END GROUP
LOAD /opt/st/stm32cubeide_1.17.0/plugins/com.st.stm32cube.ide.mcu.externaltools.gnu-tools-for-stm32.13.3.rel1.linux64_1.0.0.202410170706/tools/bin/../lib/gcc/arm-none-eabi/13.3.1/thumb/v6-m/nofp/crtend.o
LOAD /opt/st/stm32cubeide_1.17.0/plugins/com.st.stm32cube.ide.mcu.externaltools.gnu-tools-for-stm32.13.3.rel1.linux64_1.0.0.202410170706/tools/bin/../lib/gcc/arm-none-eabi/13.3.1/thumb/v6-m/nofp/crtn.o
                0x20001800                        _estack = (ORIGIN (RAM) + LENGTH (RAM))
                0x00000200                        _Min_Heap_Size = 0x200
                0x00000400                        _Min_Stack_Size = 0x400

.isr_vector     0x08000000       0xc0
                0x08000000                        . = ALIGN (0x4)
 *(.isr_vector)
 .isr_vector    0x08000000       0xc0 ./Core/Startup/startup_stm32c011f4px.o
                0x08000000                g_pfnVectors
                0x080000c0                        . = ALIGN (0x4)

.text           0x080000c0     0x3014
                0x080000c0                        . = ALIGN (0x4)
 *(.text)
 .text          0x080000c0       0x48 /opt/st/stm32cubeide_1.17.0/plugins/com.st.stm32cube.ide.mcu.externaltools.gnu-tools-for-stm32.13.3.rel1.linux64_1.0.0.202410170706/tools/bin/../lib/gcc/arm-none-eabi/13.3.1/thumb/v6-m/nofp/crtbegin.o
 .text          0x08000108      0x114 /opt/st/stm32cubeide_1.17.0/plugins/com.st.stm32cube.ide.mcu.externaltools.gnu-tools-for-stm32.13.3.rel1.linux64_1.0.0.202410170706/tools/bin/../lib/gcc/arm-none-eabi/13.3.1/thumb/v6-m/nofp/libgcc.a(_udivsi3.o)
                0x08000108                __udivsi3
                0x08000108                __aeabi_uidiv
                0x08000214                __aeabi_uidivmod
 .text          0x0800021c        0x4 /opt/st/stm32cubeide_1.17.0/plugins/com.st.stm32cube.ide.mcu.externaltools.gnu-tools-for-stm32.13.3.rel1.linux64_1.0.0.202410170706/tools/bin/../lib/gcc/arm-none-eabi/13.3.1/thumb/v6-m/nofp/libgcc.a(_dvmd_tls.o)
                0x0800021c                __aeabi_ldiv0
                0x0800021c                __aeabi_idiv0
 *(.text*)
 .text.track_data_callback
                0x08000220       0x74 ./Core/Src/main.o
                0x08000220                track_data_callback
 .text.SystemClock_Config
                0x08000294       0x90 ./Core/Src/main.o
                0x08000294                SystemClock_Config
 .text.startup.main
                0x08000324     0x11b0 ./Core/Src/main.o
                0x08000324                main
 .text.HAL_TIM_PWM_PulseFinishedCallback
                0x080014d4       0x18 ./Core/Src/main.o
                0x080014d4                HAL_TIM_PWM_PulseFinishedCallback
 .text.Error_Handler
                0x080014ec        0x4 ./Core/Src/main.o
                0x080014ec                Error_Handler
 .text.HAL_MspInit
                0x080014f0       0x30 ./Core/Src/stm32c0xx_hal_msp.o
                0x080014f0                HAL_MspInit
 .text.HAL_TIM_Base_MspInit
                0x08001520       0x70 ./Core/Src/stm32c0xx_hal_msp.o
                0x08001520                HAL_TIM_Base_MspInit
 .text.HAL_TIM_MspPostInit
                0x08001590       0x50 ./Core/Src/stm32c0xx_hal_msp.o
                0x08001590                HAL_TIM_MspPostInit
 .text.NMI_Handler
                0x080015e0        0x4 ./Core/Src/stm32c0xx_it.o
                0x080015e0                NMI_Handler
 .text.HardFault_Handler
                0x080015e4        0x4 ./Core/Src/stm32c0xx_it.o
                0x080015e4                HardFault_Handler
 .text.SVC_Handler
                0x080015e8        0x4 ./Core/Src/stm32c0xx_it.o
                0x080015e8                SVC_Handler
 .text.PendSV_Handler
                0x080015ec        0x4 ./Core/Src/stm32c0xx_it.o
                0x080015ec                PendSV_Handler
 .text.SysTick_Handler
                0x080015f0        0x8 ./Core/Src/stm32c0xx_it.o
                0x080015f0                SysTick_Handler
 .text.DMA1_Channel1_IRQHandler
                0x080015f8       0x10 ./Core/Src/stm32c0xx_it.o
                0x080015f8                DMA1_Channel1_IRQHandler
 .text.DMA1_Channel2_3_IRQHandler
                0x08001608       0x14 ./Core/Src/stm32c0xx_it.o
                0x08001608                DMA1_Channel2_3_IRQHandler
 .text.TIM3_IRQHandler
                0x0800161c       0x34 ./Core/Src/stm32c0xx_it.o
                0x0800161c                TIM3_IRQHandler
 .text.USART1_IRQHandler
                0x08001650       0x1c ./Core/Src/stm32c0xx_it.o
                0x08001650                USART1_IRQHandler
 .text.SystemInit
                0x0800166c       0x10 ./Core/Src/system_stm32c0xx.o
                0x0800166c                SystemInit
 .text.start_lights_init
                0x0800167c       0x90 ./Core/Src/ws2812b_start_lights.o
                0x0800167c                start_lights_init
 .text.start_lights_set_colour
                0x0800170c       0x2c ./Core/Src/ws2812b_start_lights.o
                0x0800170c                start_lights_set_colour
 .text.start_lights_refresh
                0x08001738      0x1cc ./Core/Src/ws2812b_start_lights.o
                0x08001738                start_lights_refresh
 .text.start_lights_dma_callback
                0x08001904        0xc ./Core/Src/ws2812b_start_lights.o
                0x08001904                start_lights_dma_callback
 .text.Reset_Handler
                0x08001910       0x50 ./Core/Startup/startup_stm32c011f4px.o
                0x08001910                Reset_Handler
 .text.Default_Handler
                0x08001960        0x2 ./Core/Startup/startup_stm32c011f4px.o
                0x08001960                TIM1_CC_IRQHandler
                0x08001960                I2C1_IRQHandler
                0x08001960                DMAMUX1_IRQHandler
                0x08001960                SPI1_IRQHandler
                0x08001960                EXTI2_3_IRQHandler
                0x08001960                ADC1_IRQHandler
                0x08001960                TIM17_IRQHandler
                0x08001960                RTC_IRQHandler
                0x08001960                TIM16_IRQHandler
                0x08001960                EXTI4_15_IRQHandler
                0x08001960                RCC_IRQHandler
                0x08001960                Default_Handler
                0x08001960                TIM14_IRQHandler
                0x08001960                EXTI0_1_IRQHandler
                0x08001960                WWDG_IRQHandler
                0x08001960                USART2_IRQHandler
                0x08001960                FLASH_IRQHandler
                0x08001960                TIM1_BRK_UP_TRG_COM_IRQHandler
 *fill*         0x08001962        0x2 
 .text.HAL_InitTick
                0x08001964       0x4c ./Drivers/STM32C0xx_HAL_Driver/Src/stm32c0xx_hal.o
                0x08001964                HAL_InitTick
 .text.HAL_Init
                0x080019b0       0x18 ./Drivers/STM32C0xx_HAL_Driver/Src/stm32c0xx_hal.o
                0x080019b0                HAL_Init
 .text.HAL_IncTick
                0x080019c8       0x18 ./Drivers/STM32C0xx_HAL_Driver/Src/stm32c0xx_hal.o
                0x080019c8                HAL_IncTick
 .text.HAL_NVIC_SetPriority
                0x080019e0       0x54 ./Drivers/STM32C0xx_HAL_Driver/Src/stm32c0xx_hal_cortex.o
                0x080019e0                HAL_NVIC_SetPriority
 .text.HAL_NVIC_EnableIRQ
                0x08001a34       0x18 ./Drivers/STM32C0xx_HAL_Driver/Src/stm32c0xx_hal_cortex.o
                0x08001a34                HAL_NVIC_EnableIRQ
 .text.HAL_SYSTICK_Config
                0x08001a4c       0x34 ./Drivers/STM32C0xx_HAL_Driver/Src/stm32c0xx_hal_cortex.o
                0x08001a4c                HAL_SYSTICK_Config
 .text.HAL_DMA_Init
                0x08001a80       0xf4 ./Drivers/STM32C0xx_HAL_Driver/Src/stm32c0xx_hal_dma.o
                0x08001a80                HAL_DMA_Init
 .text.HAL_DMA_Start_IT
                0x08001b74       0xcc ./Drivers/STM32C0xx_HAL_Driver/Src/stm32c0xx_hal_dma.o
                0x08001b74                HAL_DMA_Start_IT
 .text.HAL_DMA_IRQHandler
                0x08001c40       0xb8 ./Drivers/STM32C0xx_HAL_Driver/Src/stm32c0xx_hal_dma.o
                0x08001c40                HAL_DMA_IRQHandler
 .text.HAL_GPIO_Init
                0x08001cf8      0x378 ./Drivers/STM32C0xx_HAL_Driver/Src/stm32c0xx_hal_gpio.o
                0x08001cf8                HAL_GPIO_Init
 .text.HAL_GPIO_ReadPin
                0x08002070        0xc ./Drivers/STM32C0xx_HAL_Driver/Src/stm32c0xx_hal_gpio.o
                0x08002070                HAL_GPIO_ReadPin
 .text.HAL_GPIO_WritePin
                0x0800207c        0xc ./Drivers/STM32C0xx_HAL_Driver/Src/stm32c0xx_hal_gpio.o
                0x0800207c                HAL_GPIO_WritePin
 .text.HAL_TIM_Base_Init
                0x08002088       0xe4 ./Drivers/STM32C0xx_HAL_Driver/Src/stm32c0xx_hal_tim.o
                0x08002088                HAL_TIM_Base_Init
 .text.HAL_TIM_PWM_MspInit
                0x0800216c        0x4 ./Drivers/STM32C0xx_HAL_Driver/Src/stm32c0xx_hal_tim.o
                0x0800216c                HAL_TIM_PWM_MspInit
 .text.HAL_TIM_PWM_Init
                0x08002170       0xe4 ./Drivers/STM32C0xx_HAL_Driver/Src/stm32c0xx_hal_tim.o
                0x08002170                HAL_TIM_PWM_Init
 .text.HAL_TIM_PWM_Start_DMA
                0x08002254      0x204 ./Drivers/STM32C0xx_HAL_Driver/Src/stm32c0xx_hal_tim.o
                0x08002254                HAL_TIM_PWM_Start_DMA
 .text.HAL_TIM_PWM_ConfigChannel
                0x08002458      0x350 ./Drivers/STM32C0xx_HAL_Driver/Src/stm32c0xx_hal_tim.o
                0x08002458                HAL_TIM_PWM_ConfigChannel
 .text.TIM_DMADelayPulseCplt
                0x080027a8       0x70 ./Drivers/STM32C0xx_HAL_Driver/Src/stm32c0xx_hal_tim.o
 .text.HAL_TIM_PWM_PulseFinishedHalfCpltCallback
                0x08002818        0x4 ./Drivers/STM32C0xx_HAL_Driver/Src/stm32c0xx_hal_tim.o
                0x08002818                HAL_TIM_PWM_PulseFinishedHalfCpltCallback
 .text.TIM_DMADelayPulseHalfCplt
                0x0800281c       0x40 ./Drivers/STM32C0xx_HAL_Driver/Src/stm32c0xx_hal_tim.o
                0x0800281c                TIM_DMADelayPulseHalfCplt
 .text.HAL_TIM_ErrorCallback
                0x0800285c        0x4 ./Drivers/STM32C0xx_HAL_Driver/Src/stm32c0xx_hal_tim.o
                0x0800285c                HAL_TIM_ErrorCallback
 .text.TIM_DMAError
                0x08002860       0x5c ./Drivers/STM32C0xx_HAL_Driver/Src/stm32c0xx_hal_tim.o
                0x08002860                TIM_DMAError
 .text.HAL_TIMEx_ConfigBreakDeadTime
                0x080028bc       0xc0 ./Drivers/STM32C0xx_HAL_Driver/Src/stm32c0xx_hal_tim_ex.o
                0x080028bc                HAL_TIMEx_ConfigBreakDeadTime
 .text.LL_GPIO_Init
                0x0800297c      0x100 ./Drivers/STM32C0xx_HAL_Driver/Src/stm32c0xx_ll_gpio.o
                0x0800297c                LL_GPIO_Init
 .text.LL_RCC_GetSystemClocksFreq
                0x08002a7c       0x84 ./Drivers/STM32C0xx_HAL_Driver/Src/stm32c0xx_ll_rcc.o
                0x08002a7c                LL_RCC_GetSystemClocksFreq
 .text.LL_RCC_GetUSARTClockFreq
                0x08002b00      0x11c ./Drivers/STM32C0xx_HAL_Driver/Src/stm32c0xx_ll_rcc.o
                0x08002b00                LL_RCC_GetUSARTClockFreq
 .text.LL_TIM_Init
                0x08002c1c       0x80 ./Drivers/STM32C0xx_HAL_Driver/Src/stm32c0xx_ll_tim.o
                0x08002c1c                LL_TIM_Init
 .text.LL_TIM_OC_Init
                0x08002c9c      0x2d8 ./Drivers/STM32C0xx_HAL_Driver/Src/stm32c0xx_ll_tim.o
                0x08002c9c                LL_TIM_OC_Init
 .text.LL_USART_Init
                0x08002f74       0xe4 ./Drivers/STM32C0xx_HAL_Driver/Src/stm32c0xx_ll_usart.o
                0x08002f74                LL_USART_Init
 .text.LL_SetSystemCoreClock
                0x08003058        0xc ./Drivers/STM32C0xx_HAL_Driver/Src/stm32c0xx_ll_utils.o
                0x08003058                LL_SetSystemCoreClock
 .text.memset   0x08003064       0x10 /opt/st/stm32cubeide_1.17.0/plugins/com.st.stm32cube.ide.mcu.externaltools.gnu-tools-for-stm32.13.3.rel1.linux64_1.0.0.202410170706/tools/bin/../lib/gcc/arm-none-eabi/13.3.1/../../../../arm-none-eabi/lib/thumb/v6-m/nofp/libc_nano.a(libc_a-memset.o)
                0x08003064                memset
 .text.__libc_init_array
                0x08003074       0x48 /opt/st/stm32cubeide_1.17.0/plugins/com.st.stm32cube.ide.mcu.externaltools.gnu-tools-for-stm32.13.3.rel1.linux64_1.0.0.202410170706/tools/bin/../lib/gcc/arm-none-eabi/13.3.1/../../../../arm-none-eabi/lib/thumb/v6-m/nofp/libc_nano.a(libc_a-init.o)
                0x08003074                __libc_init_array
 *(.glue_7)
 .glue_7        0x080030bc        0x0 linker stubs
 *(.glue_7t)
 .glue_7t       0x080030bc        0x0 linker stubs
 *(.eh_frame)
 .eh_frame      0x080030bc        0x0 /opt/st/stm32cubeide_1.17.0/plugins/com.st.stm32cube.ide.mcu.externaltools.gnu-tools-for-stm32.13.3.rel1.linux64_1.0.0.202410170706/tools/bin/../lib/gcc/arm-none-eabi/13.3.1/thumb/v6-m/nofp/crtbegin.o
 *(.init)
 .init          0x080030bc        0x4 /opt/st/stm32cubeide_1.17.0/plugins/com.st.stm32cube.ide.mcu.externaltools.gnu-tools-for-stm32.13.3.rel1.linux64_1.0.0.202410170706/tools/bin/../lib/gcc/arm-none-eabi/13.3.1/thumb/v6-m/nofp/crti.o
                0x080030bc                _init
 .init          0x080030c0        0x8 /opt/st/stm32cubeide_1.17.0/plugins/com.st.stm32cube.ide.mcu.externaltools.gnu-tools-for-stm32.13.3.rel1.linux64_1.0.0.202410170706/tools/bin/../lib/gcc/arm-none-eabi/13.3.1/thumb/v6-m/nofp/crtn.o
 *(.fini)
 .fini          0x080030c8        0x4 /opt/st/stm32cubeide_1.17.0/plugins/com.st.stm32cube.ide.mcu.externaltools.gnu-tools-for-stm32.13.3.rel1.linux64_1.0.0.202410170706/tools/bin/../lib/gcc/arm-none-eabi/13.3.1/thumb/v6-m/nofp/crti.o
                0x080030c8                _fini
 .fini          0x080030cc        0x8 /opt/st/stm32cubeide_1.17.0/plugins/com.st.stm32cube.ide.mcu.externaltools.gnu-tools-for-stm32.13.3.rel1.linux64_1.0.0.202410170706/tools/bin/../lib/gcc/arm-none-eabi/13.3.1/thumb/v6-m/nofp/crtn.o
                0x080030d4                        . = ALIGN (0x4)
                0x080030d4                        _etext = .

.vfp11_veneer   0x080030d4        0x0
 .vfp11_veneer  0x080030d4        0x0 linker stubs

.v4_bx          0x080030d4        0x0
 .v4_bx         0x080030d4        0x0 linker stubs

.iplt           0x080030d4        0x0
 .iplt          0x080030d4        0x0 /opt/st/stm32cubeide_1.17.0/plugins/com.st.stm32cube.ide.mcu.externaltools.gnu-tools-for-stm32.13.3.rel1.linux64_1.0.0.202410170706/tools/bin/../lib/gcc/arm-none-eabi/13.3.1/thumb/v6-m/nofp/crtbegin.o

.rodata         0x080030d4      0x154
                0x080030d4                        . = ALIGN (0x4)
 *(.rodata)
 *(.rodata*)
 .rodata.main   0x080030d4       0x1c ./Core/Src/main.o
 .rodata.APBPrescTable
                0x080030f0       0x20 ./Core/Src/system_stm32c0xx.o
                0x080030f0                APBPrescTable
 .rodata.AHBPrescTable
                0x08003110       0x40 ./Core/Src/system_stm32c0xx.o
                0x08003110                AHBPrescTable
 .rodata.HAL_TIM_PWM_Start_DMA
                0x08003150       0x44 ./Drivers/STM32C0xx_HAL_Driver/Src/stm32c0xx_hal_tim.o
 .rodata.HAL_TIM_PWM_ConfigChannel
                0x08003194       0x54 ./Drivers/STM32C0xx_HAL_Driver/Src/stm32c0xx_hal_tim.o
 .rodata.USART_PRESCALER_TAB
                0x080031e8       0x40 ./Drivers/STM32C0xx_HAL_Driver/Src/stm32c0xx_ll_usart.o
                0x08003228                        . = ALIGN (0x4)

.ARM.extab      0x08003228        0x0
                0x08003228                        . = ALIGN (0x4)
 *(.ARM.extab* .gnu.linkonce.armextab.*)
                0x08003228                        . = ALIGN (0x4)

.ARM            0x08003228        0x0
                0x08003228                        . = ALIGN (0x4)
                0x08003228                        __exidx_start = .
 *(.ARM.exidx*)
                0x08003228                        __exidx_end = .
                0x08003228                        . = ALIGN (0x4)

.preinit_array  0x08003228        0x0
                0x08003228                        . = ALIGN (0x4)
                0x08003228                        PROVIDE (__preinit_array_start = .)
 *(.preinit_array*)
                0x08003228                        PROVIDE (__preinit_array_end = .)
                0x08003228                        . = ALIGN (0x4)

.init_array     0x08003228        0x4
                0x08003228                        . = ALIGN (0x4)
                0x08003228                        PROVIDE (__init_array_start = .)
 *(SORT_BY_NAME(.init_array.*))
 *(.init_array*)
 .init_array    0x08003228        0x4 /opt/st/stm32cubeide_1.17.0/plugins/com.st.stm32cube.ide.mcu.externaltools.gnu-tools-for-stm32.13.3.rel1.linux64_1.0.0.202410170706/tools/bin/../lib/gcc/arm-none-eabi/13.3.1/thumb/v6-m/nofp/crtbegin.o
                0x0800322c                        PROVIDE (__init_array_end = .)
                0x0800322c                        . = ALIGN (0x4)

.fini_array     0x0800322c        0x4
                0x0800322c                        . = ALIGN (0x4)
                [!provide]                        PROVIDE (__fini_array_start = .)
 *(SORT_BY_NAME(.fini_array.*))
 *(.fini_array*)
 .fini_array    0x0800322c        0x4 /opt/st/stm32cubeide_1.17.0/plugins/com.st.stm32cube.ide.mcu.externaltools.gnu-tools-for-stm32.13.3.rel1.linux64_1.0.0.202410170706/tools/bin/../lib/gcc/arm-none-eabi/13.3.1/thumb/v6-m/nofp/crtbegin.o
                [!provide]                        PROVIDE (__fini_array_end = .)
                0x08003230                        . = ALIGN (0x4)
                0x08003230                        _sidata = LOADADDR (.data)

.rel.dyn        0x08003230        0x0
 .rel.iplt      0x08003230        0x0 /opt/st/stm32cubeide_1.17.0/plugins/com.st.stm32cube.ide.mcu.externaltools.gnu-tools-for-stm32.13.3.rel1.linux64_1.0.0.202410170706/tools/bin/../lib/gcc/arm-none-eabi/13.3.1/thumb/v6-m/nofp/crtbegin.o

.data           0x20000000       0x2c load address 0x08003230
                0x20000000                        . = ALIGN (0x4)
                0x20000000                        _sdata = .
 *(.data)
 *(.data*)
 .data.uart_race_info
                0x20000000       0x1f ./Core/Src/main.o
                0x20000000                uart_race_info
 .data.start_light_alignment
                0x2000001f        0x1 ./Core/Src/main.o
                0x2000001f                start_light_alignment
 .data.SystemCoreClock
                0x20000020        0x4 ./Core/Src/system_stm32c0xx.o
                0x20000020                SystemCoreClock
 .data.uwTickFreq
                0x20000024        0x1 ./Drivers/STM32C0xx_HAL_Driver/Src/stm32c0xx_hal.o
                0x20000024                uwTickFreq
 *fill*         0x20000025        0x3 
 .data.uwTickPrio
                0x20000028        0x4 ./Drivers/STM32C0xx_HAL_Driver/Src/stm32c0xx_hal.o
                0x20000028                uwTickPrio
 *(.RamFunc)
 *(.RamFunc*)
                0x2000002c                        . = ALIGN (0x4)
                0x2000002c                        _edata = .

.igot.plt       0x2000002c        0x0 load address 0x0800325c
 .igot.plt      0x2000002c        0x0 /opt/st/stm32cubeide_1.17.0/plugins/com.st.stm32cube.ide.mcu.externaltools.gnu-tools-for-stm32.13.3.rel1.linux64_1.0.0.202410170706/tools/bin/../lib/gcc/arm-none-eabi/13.3.1/thumb/v6-m/nofp/crtbegin.o
                0x2000002c                        . = ALIGN (0x4)

.bss            0x20000030      0xa04 load address 0x0800325c
                0x20000030                        _sbss = .
                0x20000030                        __bss_start__ = _sbss
 *(.bss)
 .bss           0x20000030       0x1c /opt/st/stm32cubeide_1.17.0/plugins/com.st.stm32cube.ide.mcu.externaltools.gnu-tools-for-stm32.13.3.rel1.linux64_1.0.0.202410170706/tools/bin/../lib/gcc/arm-none-eabi/13.3.1/thumb/v6-m/nofp/crtbegin.o
 *(.bss*)
 .bss.ptr_man_capture_isr
                0x2000004c        0x4 ./Core/Src/main.o
                0x2000004c                ptr_man_capture_isr
 .bss.uart_tx_last_transmit
                0x20000050        0x4 ./Core/Src/main.o
                0x20000050                uart_tx_last_transmit
 .bss.uart_tx_buffer
                0x20000054       0x20 ./Core/Src/main.o
 .bss.dma_status_pwm
                0x20000074        0x1 ./Core/Src/main.o
                0x20000074                dma_status_pwm
 *fill*         0x20000075        0x3 
 .bss.start_light_change_time
                0x20000078        0x4 ./Core/Src/main.o
                0x20000078                start_light_change_time
 .bss.session_type
                0x2000007c        0x1 ./Core/Src/main.o
                0x2000007c                session_type
 .bss.light_mode
                0x2000007d        0x1 ./Core/Src/main.o
                0x2000007d                light_mode
 *fill*         0x2000007e        0x2 
 .bss.jump_start_millis_flash
                0x20000080        0x4 ./Core/Src/main.o
                0x20000080                jump_start_millis_flash
 .bss.green_flag_millis_flash
                0x20000084        0x4 ./Core/Src/main.o
                0x20000084                green_flag_millis_flash
 .bss.safetycar_flash_interval
                0x20000088        0x4 ./Core/Src/main.o
                0x20000088                safetycar_flash_interval
 .bss.green_flag_triggered_time
                0x2000008c        0x4 ./Core/Src/main.o
                0x2000008c                green_flag_triggered_time
 .bss.safetycar_debounce
                0x20000090        0x1 ./Core/Src/main.o
                0x20000090                safetycar_debounce
 *fill*         0x20000091        0x3 
 .bss.start_light_value
                0x20000094        0x7 ./Core/Src/main.o
                0x20000094                start_light_value
 *fill*         0x2000009b        0x1 
 .bss.race_state
                0x2000009c        0x2 ./Core/Src/main.o
                0x2000009c                race_state
 .bss.last_edge
                0x2000009e        0x2 ./Core/Src/main.o
                0x2000009e                last_edge
 .bss.message_to_proceed
                0x200000a0        0x2 ./Core/Src/main.o
                0x200000a0                message_to_proceed
 .bss.track_data_available
                0x200000a2        0x2 ./Core/Src/main.o
                0x200000a2                track_data_available
 .bss.difference_rw
                0x200000a4        0x2 ./Core/Src/main.o
                0x200000a4                difference_rw
 .bss.data_manchester_circular_read_index
                0x200000a6        0x2 ./Core/Src/main.o
                0x200000a6                data_manchester_circular_read_index
 .bss.data_manchester_circular_index
                0x200000a8        0x2 ./Core/Src/main.o
                0x200000a8                data_manchester_circular_index
 *fill*         0x200000aa        0x2 
 .bss.data_manchester
                0x200000ac       0x70 ./Core/Src/main.o
                0x200000ac                data_manchester
 .bss.millis_sync_state_change_flag
                0x2000011c        0x2 ./Core/Src/main.o
                0x2000011c                millis_sync_state_change_flag
 *fill*         0x2000011e        0x2 
 .bss.millis_sync_prev
                0x20000120        0x4 ./Core/Src/main.o
                0x20000120                millis_sync_prev
 .bss.track_counter
                0x20000124        0x4 ./Core/Src/main.o
                0x20000124                track_counter
 .bss.hdma_tim16_ch1
                0x20000128       0x5c ./Core/Src/main.o
                0x20000128                hdma_tim16_ch1
 .bss.htim16    0x20000184       0x4c ./Core/Src/main.o
                0x20000184                htim16
 .bss.k         0x200001d0        0x1 ./Core/Src/stm32c0xx_it.o
                0x200001d0                k
 *fill*         0x200001d1        0x3 
 .bss.START_LIGHTS_TIM_DIER_CCxDE
                0x200001d4        0x4 ./Core/Src/ws2812b_start_lights.o
                0x200001d4                START_LIGHTS_TIM_DIER_CCxDE
 .bss.START_LIGHTS_TIM_CHANNEL
                0x200001d8        0x4 ./Core/Src/ws2812b_start_lights.o
                0x200001d8                START_LIGHTS_TIM_CHANNEL
 .bss.START_LIGHTS_TIM
                0x200001dc        0x4 ./Core/Src/ws2812b_start_lights.o
                0x200001dc                START_LIGHTS_TIM
 .bss.START_LIGHTS_DMA_CPLT_FLAG
                0x200001e0        0x1 ./Core/Src/ws2812b_start_lights.o
                0x200001e0                START_LIGHTS_DMA_CPLT_FLAG
 *fill*         0x200001e1        0x7 
 .bss.START_LIGHTS_DATA
                0x200001e8       0x78 ./Core/Src/ws2812b_start_lights.o
                0x200001e8                START_LIGHTS_DATA
 .bss.START_LIGHTS_DMA_BUF
                0x20000260      0x7d0 ./Core/Src/ws2812b_start_lights.o
                0x20000260                START_LIGHTS_DMA_BUF
 .bss.uwTick    0x20000a30        0x4 ./Drivers/STM32C0xx_HAL_Driver/Src/stm32c0xx_hal.o
                0x20000a30                uwTick
 *(COMMON)
                0x20000a34                        . = ALIGN (0x4)
                0x20000a34                        _ebss = .
                0x20000a34                        __bss_end__ = _ebss

._user_heap_stack
                0x20000a34      0x604 load address 0x0800325c
                0x20000a38                        . = ALIGN (0x8)
 *fill*         0x20000a34        0x4 
                [!provide]                        PROVIDE (end = .)
                0x20000a38                        PROVIDE (_end = .)
                0x20000c38                        . = (. + _Min_Heap_Size)
 *fill*         0x20000a38      0x200 
                0x20001038                        . = (. + _Min_Stack_Size)
 *fill*         0x20000c38      0x400 
                0x20001038                        . = ALIGN (0x8)

/DISCARD/
 libc.a(*)
 libm.a(*)
 libgcc.a(*)

.ARM.attributes
                0x00000000       0x28
 *(.ARM.attributes)
 .ARM.attributes
                0x00000000       0x1e /opt/st/stm32cubeide_1.17.0/plugins/com.st.stm32cube.ide.mcu.externaltools.gnu-tools-for-stm32.13.3.rel1.linux64_1.0.0.202410170706/tools/bin/../lib/gcc/arm-none-eabi/13.3.1/thumb/v6-m/nofp/crti.o
 .ARM.attributes
                0x0000001e       0x2c /opt/st/stm32cubeide_1.17.0/plugins/com.st.stm32cube.ide.mcu.externaltools.gnu-tools-for-stm32.13.3.rel1.linux64_1.0.0.202410170706/tools/bin/../lib/gcc/arm-none-eabi/13.3.1/thumb/v6-m/nofp/crtbegin.o
 .ARM.attributes
                0x0000004a       0x2c ./Core/Src/main.o
 .ARM.attributes
                0x00000076       0x2c ./Core/Src/stm32c0xx_hal_msp.o
 .ARM.attributes
                0x000000a2       0x2c ./Core/Src/stm32c0xx_it.o
 .ARM.attributes
                0x000000ce       0x2c ./Core/Src/system_stm32c0xx.o
 .ARM.attributes
                0x000000fa       0x2c ./Core/Src/ws2812b_start_lights.o
 .ARM.attributes
                0x00000126       0x22 ./Core/Startup/startup_stm32c011f4px.o
 .ARM.attributes
                0x00000148       0x2c ./Drivers/STM32C0xx_HAL_Driver/Src/stm32c0xx_hal.o
 .ARM.attributes
                0x00000174       0x2c ./Drivers/STM32C0xx_HAL_Driver/Src/stm32c0xx_hal_cortex.o
 .ARM.attributes
                0x000001a0       0x2c ./Drivers/STM32C0xx_HAL_Driver/Src/stm32c0xx_hal_dma.o
 .ARM.attributes
                0x000001cc       0x2c ./Drivers/STM32C0xx_HAL_Driver/Src/stm32c0xx_hal_gpio.o
 .ARM.attributes
                0x000001f8       0x2c ./Drivers/STM32C0xx_HAL_Driver/Src/stm32c0xx_hal_tim.o
 .ARM.attributes
                0x00000224       0x2c ./Drivers/STM32C0xx_HAL_Driver/Src/stm32c0xx_hal_tim_ex.o
 .ARM.attributes
                0x00000250       0x2c ./Drivers/STM32C0xx_HAL_Driver/Src/stm32c0xx_ll_gpio.o
 .ARM.attributes
                0x0000027c       0x2c ./Drivers/STM32C0xx_HAL_Driver/Src/stm32c0xx_ll_rcc.o
 .ARM.attributes
                0x000002a8       0x2c ./Drivers/STM32C0xx_HAL_Driver/Src/stm32c0xx_ll_tim.o
 .ARM.attributes
                0x000002d4       0x2c ./Drivers/STM32C0xx_HAL_Driver/Src/stm32c0xx_ll_usart.o
 .ARM.attributes
                0x00000300       0x2c ./Drivers/STM32C0xx_HAL_Driver/Src/stm32c0xx_ll_utils.o
 .ARM.attributes
                0x0000032c       0x2c /opt/st/stm32cubeide_1.17.0/plugins/com.st.stm32cube.ide.mcu.externaltools.gnu-tools-for-stm32.13.3.rel1.linux64_1.0.0.202410170706/tools/bin/../lib/gcc/arm-none-eabi/13.3.1/../../../../arm-none-eabi/lib/thumb/v6-m/nofp/libc_nano.a(libc_a-memset.o)
 .ARM.attributes
                0x00000358       0x2c /opt/st/stm32cubeide_1.17.0/plugins/com.st.stm32cube.ide.mcu.externaltools.gnu-tools-for-stm32.13.3.rel1.linux64_1.0.0.202410170706/tools/bin/../lib/gcc/arm-none-eabi/13.3.1/../../../../arm-none-eabi/lib/thumb/v6-m/nofp/libc_nano.a(libc_a-init.o)
 .ARM.attributes
                0x00000384       0x1e /opt/st/stm32cubeide_1.17.0/plugins/com.st.stm32cube.ide.mcu.externaltools.gnu-tools-for-stm32.13.3.rel1.linux64_1.0.0.202410170706/tools/bin/../lib/gcc/arm-none-eabi/13.3.1/thumb/v6-m/nofp/libgcc.a(_udivsi3.o)
 .ARM.attributes
                0x000003a2       0x1e /opt/st/stm32cubeide_1.17.0/plugins/com.st.stm32cube.ide.mcu.externaltools.gnu-tools-for-stm32.13.3.rel1.linux64_1.0.0.202410170706/tools/bin/../lib/gcc/arm-none-eabi/13.3.1/thumb/v6-m/nofp/libgcc.a(_dvmd_tls.o)
 .ARM.attributes
                0x000003c0       0x1e /opt/st/stm32cubeide_1.17.0/plugins/com.st.stm32cube.ide.mcu.externaltools.gnu-tools-for-stm32.13.3.rel1.linux64_1.0.0.202410170706/tools/bin/../lib/gcc/arm-none-eabi/13.3.1/thumb/v6-m/nofp/crtn.o
OUTPUT(FastLapLights.elf elf32-littlearm)
LOAD linker stubs
LOAD /opt/st/stm32cubeide_1.17.0/plugins/com.st.stm32cube.ide.mcu.externaltools.gnu-tools-for-stm32.13.3.rel1.linux64_1.0.0.202410170706/tools/bin/../lib/gcc/arm-none-eabi/13.3.1/../../../../arm-none-eabi/lib/thumb/v6-m/nofp/libc.a
LOAD /opt/st/stm32cubeide_1.17.0/plugins/com.st.stm32cube.ide.mcu.externaltools.gnu-tools-for-stm32.13.3.rel1.linux64_1.0.0.202410170706/tools/bin/../lib/gcc/arm-none-eabi/13.3.1/../../../../arm-none-eabi/lib/thumb/v6-m/nofp/libm.a
LOAD /opt/st/stm32cubeide_1.17.0/plugins/com.st.stm32cube.ide.mcu.externaltools.gnu-tools-for-stm32.13.3.rel1.linux64_1.0.0.202410170706/tools/bin/../lib/gcc/arm-none-eabi/13.3.1/thumb/v6-m/nofp/libgcc.a

.debug_info     0x00000000    0x136e1
 .debug_info    0x00000000     0x47b2 ./Core/Src/main.o
 .debug_info    0x000047b2      0xcb1 ./Core/Src/stm32c0xx_hal_msp.o
 .debug_info    0x00005463      0x980 ./Core/Src/stm32c0xx_it.o
 .debug_info    0x00005de3      0x37f ./Core/Src/system_stm32c0xx.o
 .debug_info    0x00006162      0xad3 ./Core/Src/ws2812b_start_lights.o
 .debug_info    0x00006c35       0x30 ./Core/Startup/startup_stm32c011f4px.o
 .debug_info    0x00006c65      0x955 ./Drivers/STM32C0xx_HAL_Driver/Src/stm32c0xx_hal.o
 .debug_info    0x000075ba      0x9f2 ./Drivers/STM32C0xx_HAL_Driver/Src/stm32c0xx_hal_cortex.o
 .debug_info    0x00007fac      0xa88 ./Drivers/STM32C0xx_HAL_Driver/Src/stm32c0xx_hal_dma.o
 .debug_info    0x00008a34      0x60a ./Drivers/STM32C0xx_HAL_Driver/Src/stm32c0xx_hal_gpio.o
 .debug_info    0x0000903e     0x5047 ./Drivers/STM32C0xx_HAL_Driver/Src/stm32c0xx_hal_tim.o
 .debug_info    0x0000e085     0x1fb7 ./Drivers/STM32C0xx_HAL_Driver/Src/stm32c0xx_hal_tim_ex.o
 .debug_info    0x0001003c      0x74c ./Drivers/STM32C0xx_HAL_Driver/Src/stm32c0xx_ll_gpio.o
 .debug_info    0x00010788      0xc86 ./Drivers/STM32C0xx_HAL_Driver/Src/stm32c0xx_ll_rcc.o
 .debug_info    0x0001140e     0x15f1 ./Drivers/STM32C0xx_HAL_Driver/Src/stm32c0xx_ll_tim.o
 .debug_info    0x000129ff      0x919 ./Drivers/STM32C0xx_HAL_Driver/Src/stm32c0xx_ll_usart.o
 .debug_info    0x00013318      0x3c9 ./Drivers/STM32C0xx_HAL_Driver/Src/stm32c0xx_ll_utils.o

.debug_abbrev   0x00000000     0x2ddf
 .debug_abbrev  0x00000000      0x502 ./Core/Src/main.o
 .debug_abbrev  0x00000502      0x229 ./Core/Src/stm32c0xx_hal_msp.o
 .debug_abbrev  0x0000072b      0x2d6 ./Core/Src/stm32c0xx_it.o
 .debug_abbrev  0x00000a01      0x12e ./Core/Src/system_stm32c0xx.o
 .debug_abbrev  0x00000b2f      0x26f ./Core/Src/ws2812b_start_lights.o
 .debug_abbrev  0x00000d9e       0x24 ./Core/Startup/startup_stm32c011f4px.o
 .debug_abbrev  0x00000dc2      0x38e ./Drivers/STM32C0xx_HAL_Driver/Src/stm32c0xx_hal.o
 .debug_abbrev  0x00001150      0x2e9 ./Drivers/STM32C0xx_HAL_Driver/Src/stm32c0xx_hal_cortex.o
 .debug_abbrev  0x00001439      0x253 ./Drivers/STM32C0xx_HAL_Driver/Src/stm32c0xx_hal_dma.o
 .debug_abbrev  0x0000168c      0x26d ./Drivers/STM32C0xx_HAL_Driver/Src/stm32c0xx_hal_gpio.o
 .debug_abbrev  0x000018f9      0x39e ./Drivers/STM32C0xx_HAL_Driver/Src/stm32c0xx_hal_tim.o
 .debug_abbrev  0x00001c97      0x3cf ./Drivers/STM32C0xx_HAL_Driver/Src/stm32c0xx_hal_tim_ex.o
 .debug_abbrev  0x00002066      0x213 ./Drivers/STM32C0xx_HAL_Driver/Src/stm32c0xx_ll_gpio.o
 .debug_abbrev  0x00002279      0x35f ./Drivers/STM32C0xx_HAL_Driver/Src/stm32c0xx_ll_rcc.o
 .debug_abbrev  0x000025d8      0x2b3 ./Drivers/STM32C0xx_HAL_Driver/Src/stm32c0xx_ll_tim.o
 .debug_abbrev  0x0000288b      0x314 ./Drivers/STM32C0xx_HAL_Driver/Src/stm32c0xx_ll_usart.o
 .debug_abbrev  0x00002b9f      0x240 ./Drivers/STM32C0xx_HAL_Driver/Src/stm32c0xx_ll_utils.o

.debug_loclists
                0x00000000     0xb466
 .debug_loclists
                0x00000000     0x1315 ./Core/Src/main.o
 .debug_loclists
                0x00001315       0x9d ./Core/Src/stm32c0xx_hal_msp.o
 .debug_loclists
                0x000013b2       0x7a ./Core/Src/stm32c0xx_it.o
 .debug_loclists
                0x0000142c       0x37 ./Core/Src/system_stm32c0xx.o
 .debug_loclists
                0x00001463      0x5f7 ./Core/Src/ws2812b_start_lights.o
 .debug_loclists
                0x00001a5a      0x18a ./Drivers/STM32C0xx_HAL_Driver/Src/stm32c0xx_hal.o
 .debug_loclists
                0x00001be4      0x262 ./Drivers/STM32C0xx_HAL_Driver/Src/stm32c0xx_hal_cortex.o
 .debug_loclists
                0x00001e46      0x7be ./Drivers/STM32C0xx_HAL_Driver/Src/stm32c0xx_hal_dma.o
 .debug_loclists
                0x00002604      0x6a4 ./Drivers/STM32C0xx_HAL_Driver/Src/stm32c0xx_hal_gpio.o
 .debug_loclists
                0x00002ca8     0x57b1 ./Drivers/STM32C0xx_HAL_Driver/Src/stm32c0xx_hal_tim.o
 .debug_loclists
                0x00008459     0x15ca ./Drivers/STM32C0xx_HAL_Driver/Src/stm32c0xx_hal_tim_ex.o
 .debug_loclists
                0x00009a23      0x283 ./Drivers/STM32C0xx_HAL_Driver/Src/stm32c0xx_ll_gpio.o
 .debug_loclists
                0x00009ca6      0x545 ./Drivers/STM32C0xx_HAL_Driver/Src/stm32c0xx_ll_rcc.o
 .debug_loclists
                0x0000a1eb      0xe95 ./Drivers/STM32C0xx_HAL_Driver/Src/stm32c0xx_ll_tim.o
 .debug_loclists
                0x0000b080      0x298 ./Drivers/STM32C0xx_HAL_Driver/Src/stm32c0xx_ll_usart.o
 .debug_loclists
                0x0000b318      0x14e ./Drivers/STM32C0xx_HAL_Driver/Src/stm32c0xx_ll_utils.o

.debug_aranges  0x00000000      0xa78
 .debug_aranges
                0x00000000       0x48 ./Core/Src/main.o
 .debug_aranges
                0x00000048       0x38 ./Core/Src/stm32c0xx_hal_msp.o
 .debug_aranges
                0x00000080       0x60 ./Core/Src/stm32c0xx_it.o
 .debug_aranges
                0x000000e0       0x28 ./Core/Src/system_stm32c0xx.o
 .debug_aranges
                0x00000108       0x38 ./Core/Src/ws2812b_start_lights.o
 .debug_aranges
                0x00000140       0x28 ./Core/Startup/startup_stm32c011f4px.o
 .debug_aranges
                0x00000168       0xf0 ./Drivers/STM32C0xx_HAL_Driver/Src/stm32c0xx_hal.o
 .debug_aranges
                0x00000258       0xa0 ./Drivers/STM32C0xx_HAL_Driver/Src/stm32c0xx_hal_cortex.o
 .debug_aranges
                0x000002f8       0x78 ./Drivers/STM32C0xx_HAL_Driver/Src/stm32c0xx_hal_dma.o
 .debug_aranges
                0x00000370       0x68 ./Drivers/STM32C0xx_HAL_Driver/Src/stm32c0xx_hal_gpio.o
 .debug_aranges
                0x000003d8      0x380 ./Drivers/STM32C0xx_HAL_Driver/Src/stm32c0xx_hal_tim.o
 .debug_aranges
                0x00000758      0x190 ./Drivers/STM32C0xx_HAL_Driver/Src/stm32c0xx_hal_tim_ex.o
 .debug_aranges
                0x000008e8       0x30 ./Drivers/STM32C0xx_HAL_Driver/Src/stm32c0xx_ll_gpio.o
 .debug_aranges
                0x00000918       0x68 ./Drivers/STM32C0xx_HAL_Driver/Src/stm32c0xx_ll_rcc.o
 .debug_aranges
                0x00000980       0x80 ./Drivers/STM32C0xx_HAL_Driver/Src/stm32c0xx_ll_tim.o
 .debug_aranges
                0x00000a00       0x40 ./Drivers/STM32C0xx_HAL_Driver/Src/stm32c0xx_ll_usart.o
 .debug_aranges
                0x00000a40       0x38 ./Drivers/STM32C0xx_HAL_Driver/Src/stm32c0xx_ll_utils.o

.debug_rnglists
                0x00000000     0x1548
 .debug_rnglists
                0x00000000      0x4fc ./Core/Src/main.o
 .debug_rnglists
                0x000004fc       0x64 ./Core/Src/stm32c0xx_hal_msp.o
 .debug_rnglists
                0x00000560       0x67 ./Core/Src/stm32c0xx_it.o
 .debug_rnglists
                0x000005c7       0x19 ./Core/Src/system_stm32c0xx.o
 .debug_rnglists
                0x000005e0       0x76 ./Core/Src/ws2812b_start_lights.o
 .debug_rnglists
                0x00000656       0x19 ./Core/Startup/startup_stm32c011f4px.o
 .debug_rnglists
                0x0000066f       0xbb ./Drivers/STM32C0xx_HAL_Driver/Src/stm32c0xx_hal.o
 .debug_rnglists
                0x0000072a       0x9d ./Drivers/STM32C0xx_HAL_Driver/Src/stm32c0xx_hal_cortex.o
 .debug_rnglists
                0x000007c7       0xaa ./Drivers/STM32C0xx_HAL_Driver/Src/stm32c0xx_hal_dma.o
 .debug_rnglists
                0x00000871       0x4b ./Drivers/STM32C0xx_HAL_Driver/Src/stm32c0xx_hal_gpio.o
 .debug_rnglists
                0x000008bc      0x755 ./Drivers/STM32C0xx_HAL_Driver/Src/stm32c0xx_hal_tim.o
 .debug_rnglists
                0x00001011      0x193 ./Drivers/STM32C0xx_HAL_Driver/Src/stm32c0xx_hal_tim_ex.o
 .debug_rnglists
                0x000011a4       0x54 ./Drivers/STM32C0xx_HAL_Driver/Src/stm32c0xx_ll_gpio.o
 .debug_rnglists
                0x000011f8      0x1b2 ./Drivers/STM32C0xx_HAL_Driver/Src/stm32c0xx_ll_rcc.o
 .debug_rnglists
                0x000013aa       0xdb ./Drivers/STM32C0xx_HAL_Driver/Src/stm32c0xx_ll_tim.o
 .debug_rnglists
                0x00001485       0x6e ./Drivers/STM32C0xx_HAL_Driver/Src/stm32c0xx_ll_usart.o
 .debug_rnglists
                0x000014f3       0x55 ./Drivers/STM32C0xx_HAL_Driver/Src/stm32c0xx_ll_utils.o

.debug_macro    0x00000000    0x158a1
 .debug_macro   0x00000000      0x279 ./Core/Src/main.o
 .debug_macro   0x00000279      0xab4 ./Core/Src/main.o
 .debug_macro   0x00000d2d       0x2e ./Core/Src/main.o
 .debug_macro   0x00000d5b       0x28 ./Core/Src/main.o
 .debug_macro   0x00000d83       0x22 ./Core/Src/main.o
 .debug_macro   0x00000da5       0x8e ./Core/Src/main.o
 .debug_macro   0x00000e33       0x51 ./Core/Src/main.o
 .debug_macro   0x00000e84      0x103 ./Core/Src/main.o
 .debug_macro   0x00000f87       0x6a ./Core/Src/main.o
 .debug_macro   0x00000ff1      0x1df ./Core/Src/main.o
 .debug_macro   0x000011d0       0x1c ./Core/Src/main.o
 .debug_macro   0x000011ec       0x22 ./Core/Src/main.o
 .debug_macro   0x0000120e       0xd1 ./Core/Src/main.o
 .debug_macro   0x000012df      0x4da ./Core/Src/main.o
 .debug_macro   0x000017b9      0x11f ./Core/Src/main.o
 .debug_macro   0x000018d8     0x8f7d ./Core/Src/main.o
 .debug_macro   0x0000a855       0x6d ./Core/Src/main.o
 .debug_macro   0x0000a8c2      0x198 ./Core/Src/main.o
 .debug_macro   0x0000aa5a       0xe3 ./Core/Src/main.o
 .debug_macro   0x0000ab3d     0x3440 ./Core/Src/main.o
 .debug_macro   0x0000df7d      0x190 ./Core/Src/main.o
 .debug_macro   0x0000e10d       0x5b ./Core/Src/main.o
 .debug_macro   0x0000e168      0x374 ./Core/Src/main.o
 .debug_macro   0x0000e4dc      0xaf3 ./Core/Src/main.o
 .debug_macro   0x0000efcf      0x145 ./Core/Src/main.o
 .debug_macro   0x0000f114      0x15f ./Core/Src/main.o
 .debug_macro   0x0000f273      0x179 ./Core/Src/main.o
 .debug_macro   0x0000f3ec      0x264 ./Core/Src/main.o
 .debug_macro   0x0000f650      0x17e ./Core/Src/main.o
 .debug_macro   0x0000f7ce       0x43 ./Core/Src/main.o
 .debug_macro   0x0000f811      0x1f1 ./Core/Src/main.o
 .debug_macro   0x0000fa02      0x1aa ./Core/Src/main.o
 .debug_macro   0x0000fbac      0x367 ./Core/Src/main.o
 .debug_macro   0x0000ff13       0x28 ./Core/Src/main.o
 .debug_macro   0x0000ff3b       0xb3 ./Core/Src/main.o
 .debug_macro   0x0000ffee      0x104 ./Core/Src/main.o
 .debug_macro   0x000100f2       0xef ./Core/Src/main.o
 .debug_macro   0x000101e1      0xaa6 ./Core/Src/main.o
 .debug_macro   0x00010c87       0xd9 ./Core/Src/main.o
 .debug_macro   0x00010d60      0x3c7 ./Core/Src/main.o
 .debug_macro   0x00011127      0x129 ./Core/Src/main.o
 .debug_macro   0x00011250      0x163 ./Core/Src/main.o
 .debug_macro   0x000113b3      0x179 ./Core/Src/main.o
 .debug_macro   0x0001152c       0x41 ./Core/Src/main.o
 .debug_macro   0x0001156d      0x14b ./Core/Src/main.o
 .debug_macro   0x000116b8      0x2e3 ./Core/Src/main.o
 .debug_macro   0x0001199b      0x185 ./Core/Src/main.o
 .debug_macro   0x00011b20      0x89c ./Core/Src/main.o
 .debug_macro   0x000123bc      0x40f ./Core/Src/main.o
 .debug_macro   0x000127cb      0x166 ./Core/Src/main.o
 .debug_macro   0x00012931       0x4c ./Core/Src/main.o
 .debug_macro   0x0001297d       0x22 ./Core/Src/main.o
 .debug_macro   0x0001299f       0x10 ./Core/Src/main.o
 .debug_macro   0x000129af      0x233 ./Core/Src/stm32c0xx_hal_msp.o
 .debug_macro   0x00012be2      0x23d ./Core/Src/stm32c0xx_it.o
 .debug_macro   0x00012e1f      0x1c2 ./Core/Src/system_stm32c0xx.o
 .debug_macro   0x00012fe1      0x1d4 ./Core/Src/ws2812b_start_lights.o
 .debug_macro   0x000131b5      0x1da ./Drivers/STM32C0xx_HAL_Driver/Src/stm32c0xx_hal.o
 .debug_macro   0x0001338f      0x1bc ./Drivers/STM32C0xx_HAL_Driver/Src/stm32c0xx_hal_cortex.o
 .debug_macro   0x0001354b      0x1bc ./Drivers/STM32C0xx_HAL_Driver/Src/stm32c0xx_hal_dma.o
 .debug_macro   0x00013707      0x1f1 ./Drivers/STM32C0xx_HAL_Driver/Src/stm32c0xx_hal_gpio.o
 .debug_macro   0x000138f8      0x1c4 ./Drivers/STM32C0xx_HAL_Driver/Src/stm32c0xx_hal_tim.o
 .debug_macro   0x00013abc      0x1c2 ./Drivers/STM32C0xx_HAL_Driver/Src/stm32c0xx_hal_tim_ex.o
 .debug_macro   0x00013c7e      0x1fe ./Drivers/STM32C0xx_HAL_Driver/Src/stm32c0xx_ll_gpio.o
 .debug_macro   0x00013e7c      0x160 ./Drivers/STM32C0xx_HAL_Driver/Src/stm32c0xx_ll_gpio.o
 .debug_macro   0x00013fdc      0x1e4 ./Drivers/STM32C0xx_HAL_Driver/Src/stm32c0xx_ll_rcc.o
 .debug_macro   0x000141c0      0x36e ./Drivers/STM32C0xx_HAL_Driver/Src/stm32c0xx_ll_rcc.o
 .debug_macro   0x0001452e      0x273 ./Drivers/STM32C0xx_HAL_Driver/Src/stm32c0xx_ll_tim.o
 .debug_macro   0x000147a1      0x896 ./Drivers/STM32C0xx_HAL_Driver/Src/stm32c0xx_ll_tim.o
 .debug_macro   0x00015037      0x232 ./Drivers/STM32C0xx_HAL_Driver/Src/stm32c0xx_ll_usart.o
 .debug_macro   0x00015269      0x409 ./Drivers/STM32C0xx_HAL_Driver/Src/stm32c0xx_ll_usart.o
 .debug_macro   0x00015672      0x1f4 ./Drivers/STM32C0xx_HAL_Driver/Src/stm32c0xx_ll_utils.o
 .debug_macro   0x00015866       0x3b ./Drivers/STM32C0xx_HAL_Driver/Src/stm32c0xx_ll_utils.o

.debug_line     0x00000000    0x15006
 .debug_line    0x00000000     0x2956 ./Core/Src/main.o
 .debug_line    0x00002956      0x8fb ./Core/Src/stm32c0xx_hal_msp.o
 .debug_line    0x00003251      0x8fc ./Core/Src/stm32c0xx_it.o
 .debug_line    0x00003b4d      0x6f1 ./Core/Src/system_stm32c0xx.o
 .debug_line    0x0000423e      0xc62 ./Core/Src/ws2812b_start_lights.o
 .debug_line    0x00004ea0       0x7d ./Core/Startup/startup_stm32c011f4px.o
 .debug_line    0x00004f1d      0xaf4 ./Drivers/STM32C0xx_HAL_Driver/Src/stm32c0xx_hal.o
 .debug_line    0x00005a11      0xb9f ./Drivers/STM32C0xx_HAL_Driver/Src/stm32c0xx_hal_cortex.o
 .debug_line    0x000065b0     0x11c6 ./Drivers/STM32C0xx_HAL_Driver/Src/stm32c0xx_hal_dma.o
 .debug_line    0x00007776     0x10f3 ./Drivers/STM32C0xx_HAL_Driver/Src/stm32c0xx_hal_gpio.o
 .debug_line    0x00008869     0x693e ./Drivers/STM32C0xx_HAL_Driver/Src/stm32c0xx_hal_tim.o
 .debug_line    0x0000f1a7     0x1f23 ./Drivers/STM32C0xx_HAL_Driver/Src/stm32c0xx_hal_tim_ex.o
 .debug_line    0x000110ca      0x93a ./Drivers/STM32C0xx_HAL_Driver/Src/stm32c0xx_ll_gpio.o
 .debug_line    0x00011a04     0x11f3 ./Drivers/STM32C0xx_HAL_Driver/Src/stm32c0xx_ll_rcc.o
 .debug_line    0x00012bf7     0x11c6 ./Drivers/STM32C0xx_HAL_Driver/Src/stm32c0xx_ll_tim.o
 .debug_line    0x00013dbd      0x9ca ./Drivers/STM32C0xx_HAL_Driver/Src/stm32c0xx_ll_usart.o
 .debug_line    0x00014787      0x87f ./Drivers/STM32C0xx_HAL_Driver/Src/stm32c0xx_ll_utils.o

.debug_str      0x00000000    0x82775
 .debug_str     0x00000000    0x82775 ./Core/Src/main.o
                              0x7e68d (size before relaxing)
 .debug_str     0x00082775    0x7d149 ./Core/Src/stm32c0xx_hal_msp.o
 .debug_str     0x00082775    0x7ce2a ./Core/Src/stm32c0xx_it.o
 .debug_str     0x00082775    0x72015 ./Core/Src/system_stm32c0xx.o
 .debug_str     0x00082775    0x7274f ./Core/Src/ws2812b_start_lights.o
 .debug_str     0x00082775       0x7e ./Core/Startup/startup_stm32c011f4px.o
 .debug_str     0x00082775    0x72619 ./Drivers/STM32C0xx_HAL_Driver/Src/stm32c0xx_hal.o
 .debug_str     0x00082775    0x7242e ./Drivers/STM32C0xx_HAL_Driver/Src/stm32c0xx_hal_cortex.o
 .debug_str     0x00082775    0x7249a ./Drivers/STM32C0xx_HAL_Driver/Src/stm32c0xx_hal_dma.o
 .debug_str     0x00082775    0x7220d ./Drivers/STM32C0xx_HAL_Driver/Src/stm32c0xx_hal_gpio.o
 .debug_str     0x00082775    0x7353d ./Drivers/STM32C0xx_HAL_Driver/Src/stm32c0xx_hal_tim.o
 .debug_str     0x00082775    0x72ecb ./Drivers/STM32C0xx_HAL_Driver/Src/stm32c0xx_hal_tim_ex.o
 .debug_str     0x00082775    0x73655 ./Drivers/STM32C0xx_HAL_Driver/Src/stm32c0xx_ll_gpio.o
 .debug_str     0x00082775    0x72428 ./Drivers/STM32C0xx_HAL_Driver/Src/stm32c0xx_ll_rcc.o
 .debug_str     0x00082775    0x7893b ./Drivers/STM32C0xx_HAL_Driver/Src/stm32c0xx_ll_tim.o
 .debug_str     0x00082775    0x74d36 ./Drivers/STM32C0xx_HAL_Driver/Src/stm32c0xx_ll_usart.o
 .debug_str     0x00082775    0x72873 ./Drivers/STM32C0xx_HAL_Driver/Src/stm32c0xx_ll_utils.o

.comment        0x00000000       0x43
 .comment       0x00000000       0x43 ./Core/Src/main.o
                                 0x44 (size before relaxing)
 .comment       0x00000043       0x44 ./Core/Src/stm32c0xx_hal_msp.o
 .comment       0x00000043       0x44 ./Core/Src/stm32c0xx_it.o
 .comment       0x00000043       0x44 ./Core/Src/system_stm32c0xx.o
 .comment       0x00000043       0x44 ./Core/Src/ws2812b_start_lights.o
 .comment       0x00000043       0x44 ./Drivers/STM32C0xx_HAL_Driver/Src/stm32c0xx_hal.o
 .comment       0x00000043       0x44 ./Drivers/STM32C0xx_HAL_Driver/Src/stm32c0xx_hal_cortex.o
 .comment       0x00000043       0x44 ./Drivers/STM32C0xx_HAL_Driver/Src/stm32c0xx_hal_dma.o
 .comment       0x00000043       0x44 ./Drivers/STM32C0xx_HAL_Driver/Src/stm32c0xx_hal_gpio.o
 .comment       0x00000043       0x44 ./Drivers/STM32C0xx_HAL_Driver/Src/stm32c0xx_hal_tim.o
 .comment       0x00000043       0x44 ./Drivers/STM32C0xx_HAL_Driver/Src/stm32c0xx_hal_tim_ex.o
 .comment       0x00000043       0x44 ./Drivers/STM32C0xx_HAL_Driver/Src/stm32c0xx_ll_gpio.o
 .comment       0x00000043       0x44 ./Drivers/STM32C0xx_HAL_Driver/Src/stm32c0xx_ll_rcc.o
 .comment       0x00000043       0x44 ./Drivers/STM32C0xx_HAL_Driver/Src/stm32c0xx_ll_tim.o
 .comment       0x00000043       0x44 ./Drivers/STM32C0xx_HAL_Driver/Src/stm32c0xx_ll_usart.o
 .comment       0x00000043       0x44 ./Drivers/STM32C0xx_HAL_Driver/Src/stm32c0xx_ll_utils.o

.debug_frame    0x00000000     0x1a94
 .debug_frame   0x00000000       0xb0 ./Core/Src/main.o
 .debug_frame   0x000000b0       0x74 ./Core/Src/stm32c0xx_hal_msp.o
 .debug_frame   0x00000124       0xb8 ./Core/Src/stm32c0xx_it.o
 .debug_frame   0x000001dc       0x30 ./Core/Src/system_stm32c0xx.o
 .debug_frame   0x0000020c       0x80 ./Core/Src/ws2812b_start_lights.o
 .debug_frame   0x0000028c      0x1f4 ./Drivers/STM32C0xx_HAL_Driver/Src/stm32c0xx_hal.o
 .debug_frame   0x00000480      0x130 ./Drivers/STM32C0xx_HAL_Driver/Src/stm32c0xx_hal_cortex.o
 .debug_frame   0x000005b0      0x16c ./Drivers/STM32C0xx_HAL_Driver/Src/stm32c0xx_hal_dma.o
 .debug_frame   0x0000071c       0xf4 ./Drivers/STM32C0xx_HAL_Driver/Src/stm32c0xx_hal_gpio.o
 .debug_frame   0x00000810      0xa34 ./Drivers/STM32C0xx_HAL_Driver/Src/stm32c0xx_hal_tim.o
 .debug_frame   0x00001244      0x4b4 ./Drivers/STM32C0xx_HAL_Driver/Src/stm32c0xx_hal_tim_ex.o
 .debug_frame   0x000016f8       0x5c ./Drivers/STM32C0xx_HAL_Driver/Src/stm32c0xx_ll_gpio.o
 .debug_frame   0x00001754       0xdc ./Drivers/STM32C0xx_HAL_Driver/Src/stm32c0xx_ll_rcc.o
 .debug_frame   0x00001830      0x124 ./Drivers/STM32C0xx_HAL_Driver/Src/stm32c0xx_ll_tim.o
 .debug_frame   0x00001954       0x78 ./Drivers/STM32C0xx_HAL_Driver/Src/stm32c0xx_ll_usart.o
 .debug_frame   0x000019cc       0x5c ./Drivers/STM32C0xx_HAL_Driver/Src/stm32c0xx_ll_utils.o
 .debug_frame   0x00001a28       0x20 /opt/st/stm32cubeide_1.17.0/plugins/com.st.stm32cube.ide.mcu.externaltools.gnu-tools-for-stm32.13.3.rel1.linux64_1.0.0.202410170706/tools/bin/../lib/gcc/arm-none-eabi/13.3.1/../../../../arm-none-eabi/lib/thumb/v6-m/nofp/libc_nano.a(libc_a-memset.o)
 .debug_frame   0x00001a48       0x2c /opt/st/stm32cubeide_1.17.0/plugins/com.st.stm32cube.ide.mcu.externaltools.gnu-tools-for-stm32.13.3.rel1.linux64_1.0.0.202410170706/tools/bin/../lib/gcc/arm-none-eabi/13.3.1/../../../../arm-none-eabi/lib/thumb/v6-m/nofp/libc_nano.a(libc_a-init.o)
 .debug_frame   0x00001a74       0x20 /opt/st/stm32cubeide_1.17.0/plugins/com.st.stm32cube.ide.mcu.externaltools.gnu-tools-for-stm32.13.3.rel1.linux64_1.0.0.202410170706/tools/bin/../lib/gcc/arm-none-eabi/13.3.1/thumb/v6-m/nofp/libgcc.a(_udivsi3.o)

.debug_line_str
                0x00000000       0x62
 .debug_line_str
                0x00000000       0x62 ./Core/Startup/startup_stm32c011f4px.o
